{
  "version": "1.5.0",
  "plugins_used": [
    {
      "name": "ArtifactoryDetector"
    },
    {
      "name": "AWSKeyDetector"
    },
    {
      "name": "AzureStorageKeyDetector"
    },
    {
      "name": "Base64HighEntropyString",
      "limit": 4.5
    },
    {
      "name": "BasicAuthDetector"
    },
    {
      "name": "CloudantDetector"
    },
    {
      "name": "DiscordBotTokenDetector"
    },
    {
      "name": "GitHubTokenDetector"
    },
    {
      "name": "GitLabTokenDetector"
    },
    {
      "name": "HexHighEntropyString",
      "limit": 3.0
    },
    {
      "name": "IbmCloudIamDetector"
    },
    {
      "name": "IbmCosHmacDetector"
    },
    {
      "name": "IPPublicDetector"
    },
    {
      "name": "JwtTokenDetector"
    },
    {
      "name": "KeywordDetector",
      "keyword_exclude": ""
    },
    {
      "name": "MailchimpDetector"
    },
    {
      "name": "NpmDetector"
    },
    {
      "name": "OpenAIDetector"
    },
    {
      "name": "PrivateKeyDetector"
    },
    {
      "name": "PypiTokenDetector"
    },
    {
      "name": "SendGridDetector"
    },
    {
      "name": "SlackDetector"
    },
    {
      "name": "SoftlayerDetector"
    },
    {
      "name": "SquareOAuthDetector"
    },
    {
      "name": "StripeDetector"
    },
    {
      "name": "TelegramBotTokenDetector"
    },
    {
      "name": "TwilioKeyDetector"
    }
  ],
  "filters_used": [
    {
      "path": "detect_secrets.filters.allowlist.is_line_allowlisted"
    },
    {
      "path": "detect_secrets.filters.common.is_baseline_file",
      "filename": ".secrets.baseline"
    },
    {
      "path": "detect_secrets.filters.common.is_ignored_due_to_verification_policies",
      "min_level": 2
    },
    {
      "path": "detect_secrets.filters.heuristic.is_indirect_reference"
    },
    {
      "path": "detect_secrets.filters.heuristic.is_likely_id_string"
    },
    {
      "path": "detect_secrets.filters.heuristic.is_lock_file"
    },
    {
      "path": "detect_secrets.filters.heuristic.is_not_alphanumeric_string"
    },
    {
      "path": "detect_secrets.filters.heuristic.is_potential_uuid"
    },
    {
      "path": "detect_secrets.filters.heuristic.is_prefixed_with_dollar_sign"
    },
    {
      "path": "detect_secrets.filters.heuristic.is_sequential_string"
    },
    {
      "path": "detect_secrets.filters.heuristic.is_swagger_file"
    },
    {
      "path": "detect_secrets.filters.heuristic.is_templated_secret"
    }
  ],
  "results": {
    ".env.example": [
      {
        "type": "Secret Keyword",
        "filename": ".env.example",
        "hashed_secret": "1e4407821a8de22ec2966c4895d3143e7fb32d64",
        "is_verified": false,
        "line_number": 2
      },
      {
        "type": "Secret Keyword",
        "filename": ".env.example",
        "hashed_secret": "26adb00e3d2ce26c9d600cf5c2a8e02304380ad2",
        "is_verified": false,
        "line_number": 3
      },
      {
        "type": "Secret Keyword",
        "filename": ".env.example",
        "hashed_secret": "d82e4f2c41e676b1b941b0d00ced2f31a319e4c0",
        "is_verified": false,
        "line_number": 4
      },
      {
        "type": "Secret Keyword",
        "filename": ".env.example",
        "hashed_secret": "154239568e081ea215f8f5ae7f74e78f80a7471d",
        "is_verified": false,
        "line_number": 5
      },
      {
        "type": "Secret Keyword",
        "filename": ".env.example",
        "hashed_secret": "ceb6f0fa3529a79ef19ca09e65a4b52491142939",
        "is_verified": false,
        "line_number": 6
      },
      {
        "type": "Secret Keyword",
        "filename": ".env.example",
        "hashed_secret": "f8abefbdb7f9aa09119f79008e0946d54ea33081",
        "is_verified": false,
        "line_number": 7
      },
      {
        "type": "Secret Keyword",
        "filename": ".env.example",
        "hashed_secret": "97cc42543a89b3ab6995a5ab197bc20bb29a5084",
        "is_verified": false,
        "line_number": 8
      },
      {
        "type": "Secret Keyword",
        "filename": ".env.example",
        "hashed_secret": "ad0ff5d477c15c9453dd8f29e095badde4fe570c",
        "is_verified": false,
        "line_number": 9
      }
    ],
    ".mcp.json": [
      {
        "type": "Hex High Entropy String",
        "filename": ".mcp.json",
        "hashed_secret": "70e59bec9a9d6c9036e112dcbdc775acc7148e52",
        "is_verified": false,
        "line_number": 79
      },
      {
        "type": "Secret Keyword",
        "filename": ".mcp.json",
        "hashed_secret": "70e59bec9a9d6c9036e112dcbdc775acc7148e52",
        "is_verified": false,
        "line_number": 79
      }
    ],
    ".taskmaster/docs/CLAUDE.md": [
      {
        "type": "Secret Keyword",
        "filename": ".taskmaster/docs/CLAUDE.md",
        "hashed_secret": "a3e14ca24483c78554c083bc907c7194c7846ef1",
        "is_verified": false,
        "line_number": 114
      },
      {
        "type": "Secret Keyword",
        "filename": ".taskmaster/docs/CLAUDE.md",
        "hashed_secret": "e2507ef034a9be5b0f1f9167643b551df7f594e5",
        "is_verified": false,
        "line_number": 116
      },
      {
        "type": "Secret Keyword",
        "filename": ".taskmaster/docs/CLAUDE.md",
        "hashed_secret": "9feddb9e7cd933293750ef1c62ccafd98e440f96",
        "is_verified": false,
        "line_number": 117
      },
      {
        "type": "Secret Keyword",
        "filename": ".taskmaster/docs/CLAUDE.md",
        "hashed_secret": "3a07c86e43437fe2977d0aacb760ceb3239d593e",
        "is_verified": false,
        "line_number": 118
      },
      {
        "type": "Secret Keyword",
        "filename": ".taskmaster/docs/CLAUDE.md",
        "hashed_secret": "c890ec1cb673101f3b1752b1887fc76e7bdd281b",
        "is_verified": false,
        "line_number": 119
      },
      {
        "type": "Secret Keyword",
        "filename": ".taskmaster/docs/CLAUDE.md",
        "hashed_secret": "a277f5840f97dd1841dd5ad8262a75798796bcf1",
        "is_verified": false,
        "line_number": 120
      },
      {
        "type": "Secret Keyword",
        "filename": ".taskmaster/docs/CLAUDE.md",
        "hashed_secret": "0561217a312926be7151f9fae5a83641ed247b3f",
        "is_verified": false,
        "line_number": 121
      },
      {
        "type": "Secret Keyword",
        "filename": ".taskmaster/docs/CLAUDE.md",
        "hashed_secret": "b526713e1847b4278c41ecbf0e9b95bda7c4170d",
        "is_verified": false,
        "line_number": 122
      }
    ],
    "SECURITY_QUICK_FIX_CHECKLIST.md": [
      {
        "type": "Hex High Entropy String",
        "filename": "SECURITY_QUICK_FIX_CHECKLIST.md",
        "hashed_secret": "70e59bec9a9d6c9036e112dcbdc775acc7148e52",
        "is_verified": false,
        "line_number": 38
      },
      {
        "type": "Base64 High Entropy String",
        "filename": "SECURITY_QUICK_FIX_CHECKLIST.md",
        "hashed_secret": "7d875d396f9dc5f8efd7fb5eec5ad6ba32b7aff3",
        "is_verified": false,
        "line_number": 129
      }
    ],
    "docs/tools/.taskmaster/CLAUDE.md": [
      {
        "type": "Secret Keyword",
        "filename": "docs/tools/.taskmaster/CLAUDE.md",
        "hashed_secret": "a3e14ca24483c78554c083bc907c7194c7846ef1",
        "is_verified": false,
        "line_number": 114
      },
      {
        "type": "Secret Keyword",
        "filename": "docs/tools/.taskmaster/CLAUDE.md",
        "hashed_secret": "e2507ef034a9be5b0f1f9167643b551df7f594e5",
        "is_verified": false,
        "line_number": 116
      },
      {
        "type": "Secret Keyword",
        "filename": "docs/tools/.taskmaster/CLAUDE.md",
        "hashed_secret": "9feddb9e7cd933293750ef1c62ccafd98e440f96",
        "is_verified": false,
        "line_number": 117
      },
      {
        "type": "Secret Keyword",
        "filename": "docs/tools/.taskmaster/CLAUDE.md",
        "hashed_secret": "3a07c86e43437fe2977d0aacb760ceb3239d593e",
        "is_verified": false,
        "line_number": 118
      },
      {
        "type": "Secret Keyword",
        "filename": "docs/tools/.taskmaster/CLAUDE.md",
        "hashed_secret": "c890ec1cb673101f3b1752b1887fc76e7bdd281b",
        "is_verified": false,
        "line_number": 119
      },
      {
        "type": "Secret Keyword",
        "filename": "docs/tools/.taskmaster/CLAUDE.md",
        "hashed_secret": "a277f5840f97dd1841dd5ad8262a75798796bcf1",
        "is_verified": false,
        "line_number": 120
      },
      {
        "type": "Secret Keyword",
        "filename": "docs/tools/.taskmaster/CLAUDE.md",
        "hashed_secret": "0561217a312926be7151f9fae5a83641ed247b3f",
        "is_verified": false,
        "line_number": 121
      },
      {
        "type": "Secret Keyword",
        "filename": "docs/tools/.taskmaster/CLAUDE.md",
        "hashed_secret": "b526713e1847b4278c41ecbf0e9b95bda7c4170d",
        "is_verified": false,
        "line_number": 122
      }
    ],
    "tests/security/test_comprehensive_security.py": [
      {
        "type": "Secret Keyword",
        "filename": "tests/security/test_comprehensive_security.py",
        "hashed_secret": "d033e22ae348aeb5660fc2140aec35850c4da997",
        "is_verified": false,
        "line_number": 124
      },
      {
        "type": "Secret Keyword",
        "filename": "tests/security/test_comprehensive_security.py",
        "hashed_secret": "5baa61e4c9b93f3f0682250b6cf8331b7ee68fd8",
        "is_verified": false,
        "line_number": 125
      }
    ],
    "tests/unit/test_config_settings.py": [
      {
        "type": "Secret Keyword",
        "filename": "tests/unit/test_config_settings.py",
        "hashed_secret": "74ba31d41223751c75cc0a453dd7df04889bdc72",
        "is_verified": false,
        "line_number": 194
      },
      {
        "type": "Secret Keyword",
        "filename": "tests/unit/test_config_settings.py",
        "hashed_secret": "a035cf127f6e1787fb525ef8afcb69a22ba666a9",
        "is_verified": false,
        "line_number": 195
      }
    ],
    "tests/unit/test_error_tracker.py": [
      {
        "type": "Base64 High Entropy String",
        "filename": "tests/unit/test_error_tracker.py",
        "hashed_secret": "ee8e3af832f3f2f971092d4f79c15be93f0a42d8",
        "is_verified": false,
        "line_number": 121
      },
      {
        "type": "GitHub Token",
        "filename": "tests/unit/test_error_tracker.py",
        "hashed_secret": "e175c6f5f2a92e8623bd9a4820edb4e8c1b0fd10",
        "is_verified": false,
        "line_number": 130
      },
      {
        "type": "Base64 High Entropy String",
        "filename": "tests/unit/test_error_tracker.py",
        "hashed_secret": "ff710f15aabf3e96e11af9b0bfc454eb30a5031d",
        "is_verified": false,
        "line_number": 130
      },
      {
        "type": "AWS Access Key",
        "filename": "tests/unit/test_error_tracker.py",
        "hashed_secret": "25910f981e85ca04baf359199dd0bd4a3ae738b6",
        "is_verified": false,
        "line_number": 137
      },
      {
        "type": "Basic Auth Credentials",
        "filename": "tests/unit/test_error_tracker.py",
        "hashed_secret": "cbfdac6008f9cab4083784cbd1874f76618d2a97",
        "is_verified": false,
        "line_number": 144
      }
    ]
  },
  "generated_at": "2025-12-06T12:17:17Z"
}
