{
  "version": "1.5.0",
  "plugins_used": [
    {
      "name": "ArtifactoryDetector"
    },
    {
      "name": "AWSKeyDetector"
    },
    {
      "name": "AzureStorageKeyDetector"
    },
    {
      "name": "Base64HighEntropyString",
      "limit": 4.5
    },
    {
      "name": "BasicAuthDetector"
    },
    {
      "name": "CloudantDetector"
    },
    {
      "name": "DiscordBotTokenDetector"
    },
    {
      "name": "GitHubTokenDetector"
    },
    {
      "name": "GitLabTokenDetector"
    },
    {
      "name": "HexHighEntropyString",
      "limit": 3.0
    },
    {
      "name": "IbmCloudIamDetector"
    },
    {
      "name": "IbmCosHmacDetector"
    },
    {
      "name": "IPPublicDetector"
    },
    {
      "name": "JwtTokenDetector"
    },
    {
      "name": "KeywordDetector",
      "keyword_exclude": ""
    },
    {
      "name": "MailchimpDetector"
    },
    {
      "name": "NpmDetector"
    },
    {
      "name": "OpenAIDetector"
    },
    {
      "name": "PrivateKeyDetector"
    },
    {
      "name": "PypiTokenDetector"
    },
    {
      "name": "SendGridDetector"
    },
    {
      "name": "SlackDetector"
    },
    {
      "name": "SoftlayerDetector"
    },
    {
      "name": "SquareOAuthDetector"
    },
    {
      "name": "StripeDetector"
    },
    {
      "name": "TelegramBotTokenDetector"
    },
    {
      "name": "TwilioKeyDetector"
    }
  ],
  "filters_used": [
    {
      "path": "detect_secrets.filters.allowlist.is_line_allowlisted"
    },
    {
      "path": "detect_secrets.filters.common.is_baseline_file",
      "filename": ".secrets.baseline"
    },
    {
      "path": "detect_secrets.filters.common.is_ignored_due_to_verification_policies",
      "min_level": 2
    },
    {
      "path": "detect_secrets.filters.heuristic.is_indirect_reference"
    },
    {
      "path": "detect_secrets.filters.heuristic.is_likely_id_string"
    },
    {
      "path": "detect_secrets.filters.heuristic.is_lock_file"
    },
    {
      "path": "detect_secrets.filters.heuristic.is_not_alphanumeric_string"
    },
    {
      "path": "detect_secrets.filters.heuristic.is_potential_uuid"
    },
    {
      "path": "detect_secrets.filters.heuristic.is_prefixed_with_dollar_sign"
    },
    {
      "path": "detect_secrets.filters.heuristic.is_sequential_string"
    },
    {
      "path": "detect_secrets.filters.heuristic.is_swagger_file"
    },
    {
      "path": "detect_secrets.filters.heuristic.is_templated_secret"
    },
    {
      "path": "detect_secrets.filters.regex.should_exclude_file",
      "pattern": [
        "\\.lock$",
        "\\.baseline$",
        "obsidian-vault-local/.*",
        "claude-flow-lite/.*"
      ]
    }
  ],
  "results": {
    "docs/security/claude_squad_security_assessment.md": [
      {
        "type": "Secret Keyword",
        "filename": "docs/security/claude_squad_security_assessment.md",
        "hashed_secret": "222d90fd210d62ff3ab0cc9c1f3d9692f22f6d0b",
        "is_verified": false,
        "line_number": 46
      }
    ],
    "docs/tools/.taskmaster/docs/CLAUDE.md": [
      {
        "type": "Secret Keyword",
        "filename": "docs/tools/.taskmaster/docs/CLAUDE.md",
        "hashed_secret": "a3e14ca24483c78554c083bc907c7194c7846ef1",
        "is_verified": false,
        "line_number": 114
      },
      {
        "type": "Secret Keyword",
        "filename": "docs/tools/.taskmaster/docs/CLAUDE.md",
        "hashed_secret": "e2507ef034a9be5b0f1f9167643b551df7f594e5",
        "is_verified": false,
        "line_number": 116
      },
      {
        "type": "Secret Keyword",
        "filename": "docs/tools/.taskmaster/docs/CLAUDE.md",
        "hashed_secret": "9feddb9e7cd933293750ef1c62ccafd98e440f96",
        "is_verified": false,
        "line_number": 117
      },
      {
        "type": "Secret Keyword",
        "filename": "docs/tools/.taskmaster/docs/CLAUDE.md",
        "hashed_secret": "3a07c86e43437fe2977d0aacb760ceb3239d593e",
        "is_verified": false,
        "line_number": 118
      },
      {
        "type": "Secret Keyword",
        "filename": "docs/tools/.taskmaster/docs/CLAUDE.md",
        "hashed_secret": "c890ec1cb673101f3b1752b1887fc76e7bdd281b",
        "is_verified": false,
        "line_number": 119
      },
      {
        "type": "Secret Keyword",
        "filename": "docs/tools/.taskmaster/docs/CLAUDE.md",
        "hashed_secret": "a277f5840f97dd1841dd5ad8262a75798796bcf1",
        "is_verified": false,
        "line_number": 120
      },
      {
        "type": "Secret Keyword",
        "filename": "docs/tools/.taskmaster/docs/CLAUDE.md",
        "hashed_secret": "0561217a312926be7151f9fae5a83641ed247b3f",
        "is_verified": false,
        "line_number": 121
      },
      {
        "type": "Secret Keyword",
        "filename": "docs/tools/.taskmaster/docs/CLAUDE.md",
        "hashed_secret": "b526713e1847b4278c41ecbf0e9b95bda7c4170d",
        "is_verified": false,
        "line_number": 122
      }
    ],
    "tests/security/test_comprehensive_security.py": [
      {
        "type": "Secret Keyword",
        "filename": "tests/security/test_comprehensive_security.py",
        "hashed_secret": "d033e22ae348aeb5660fc2140aec35850c4da997",
        "is_verified": false,
        "line_number": 116
      },
      {
        "type": "Secret Keyword",
        "filename": "tests/security/test_comprehensive_security.py",
        "hashed_secret": "5baa61e4c9b93f3f0682250b6cf8331b7ee68fd8",
        "is_verified": false,
        "line_number": 117
      }
    ]
  },
  "generated_at": "2025-12-18T07:47:12Z"
}
